// Jest Snapshot v1, https://goo.gl/fbAQLP

exports[`home Rendering home component 1`] = `ShallowWrapper {}`;
