// Jest Snapshot v1, https://goo.gl/fbAQLP

exports[`changerole Rendering changerole component 1`] = `ShallowWrapper {}`;
