// Jest Snapshot v1, https://goo.gl/fbAQLP

exports[`login Rendering login component 1`] = `ShallowWrapper {}`;
