// Jest Snapshot v1, https://goo.gl/fbAQLP

exports[`showfiles Rendering menagerfile component 1`] = `ShallowWrapper {}`;
