// Jest Snapshot v1, https://goo.gl/fbAQLP

exports[`userset Rendering userettings component 1`] = `ShallowWrapper {}`;
