// Jest Snapshot v1, https://goo.gl/fbAQLP

exports[`filedetails Rendering filedetails component 1`] = `ShallowWrapper {}`;
