// Jest Snapshot v1, https://goo.gl/fbAQLP

exports[`userslist Rendering userslist component 1`] = `ShallowWrapper {}`;
