// Jest Snapshot v1, https://goo.gl/fbAQLP

exports[`showfiles Rendering showfiles component 1`] = `ShallowWrapper {}`;
