// Jest Snapshot v1, https://goo.gl/fbAQLP

exports[`AddUser Rendering AddUser component 1`] = `ShallowWrapper {}`;
