// Jest Snapshot v1, https://goo.gl/fbAQLP

exports[`addfile Rendering addfile component 1`] = `ShallowWrapper {}`;
